[proactivesky.com/07969-scientists-use-technology-to-resist-effects-of-climate-change-on-cropsIBCMYCJC478/index686a.html]
[backblue.gif]
[fade.gif]
[index.html]
[proactivesky.com/07969-scientists-use-technology-to-resist-effects-of-climate-change-on-cropsIBCMYCJC478/images/newTapTapMe/TapTapMe.png]
[proactivesky.com/07969-scientists-use-technology-to-resist-effects-of-climate-change-on-cropsIBCMYCJC478/css/bootstrap.min9e7a9e7a.css]
[cdnjs.cloudflare.com/ajax/libs/font-awesome/6.5.2/css/all.min.css]
[proactivesky.com/07969-scientists-use-technology-to-resist-effects-of-climate-change-on-cropsIBCMYCJC478/css/custom5905.css]
[zenacentre.com/backbutton/ibcmyc/rolfix.js]
[proactivesky.com/07969-scientists-use-technology-to-resist-effects-of-climate-change-on-cropsIBCMYCJC478/images/newTapTapMe/jackpot-panel.png]
[proactivesky.com/07969-scientists-use-technology-to-resist-effects-of-climate-change-on-cropsIBCMYCJC478/images/newTapTapMe/cat-statue.png]
[proactivesky.com/07969-scientists-use-technology-to-resist-effects-of-climate-change-on-cropsIBCMYCJC478/images/newTapTapMe/jackpot-ins-board.png]
[proactivesky.com/07969-scientists-use-technology-to-resist-effects-of-climate-change-on-cropsIBCMYCJC478/images/newTapTapMe/ins-claim-now.png]
[proactivesky.com/07969-scientists-use-technology-to-resist-effects-of-climate-change-on-cropsIBCMYCJC478/images/newTapTapMe/bg-popup-win.jpg]
[proactivesky.com/07969-scientists-use-technology-to-resist-effects-of-climate-change-on-cropsIBCMYCJC478/images/newTapTapMe/gold-coin-tl.png]
[proactivesky.com/07969-scientists-use-technology-to-resist-effects-of-climate-change-on-cropsIBCMYCJC478/images/newTapTapMe/gold-coin-bl.png]
[proactivesky.com/07969-scientists-use-technology-to-resist-effects-of-climate-change-on-cropsIBCMYCJC478/images/newTapTapMe/gold-coin-tr.png]
[proactivesky.com/07969-scientists-use-technology-to-resist-effects-of-climate-change-on-cropsIBCMYCJC478/images/newTapTapMe/gold-coin-br.png]
[proactivesky.com/07969-scientists-use-technology-to-resist-effects-of-climate-change-on-cropsIBCMYCJC478/images/newTapTapMe/scroll-panel.png]
[proactivesky.com/07969-scientists-use-technology-to-resist-effects-of-climate-change-on-cropsIBCMYCJC478/images/newTapTapMe/scroll-left.png]
[proactivesky.com/07969-scientists-use-technology-to-resist-effects-of-climate-change-on-cropsIBCMYCJC478/images/newTapTapMe/scroll-right.png]
[proactivesky.com/07969-scientists-use-technology-to-resist-effects-of-climate-change-on-cropsIBCMYCJC478/images/newTapTapMe/button-bg.png]
[proactivesky.com/07969-scientists-use-technology-to-resist-effects-of-climate-change-on-cropsIBCMYCJC478/images/newTapTapMe/dragon.png]
[proactivesky.com/07969-scientists-use-technology-to-resist-effects-of-climate-change-on-cropsIBCMYCJC478/images/newTapTapMe/arrow.png]
[proactivesky.com/07969-scientists-use-technology-to-resist-effects-of-climate-change-on-cropsIBCMYCJC478/images/newTapTapMe/bg-popup-1.png]
[proactivesky.com/07969-scientists-use-technology-to-resist-effects-of-climate-change-on-cropsIBCMYCJC478/images/newTapTapMe/ibc22-logo.png]
[proactivesky.com/07969-scientists-use-technology-to-resist-effects-of-climate-change-on-cropsIBCMYCJC478/images/newTapTapMe/welcome-btn-bg.png]
[proactivesky.com/07969-scientists-use-technology-to-resist-effects-of-climate-change-on-cropsIBCMYCJC478/images/newTapTapMe/bg-popup-oops.png]
[proactivesky.com/07969-scientists-use-technology-to-resist-effects-of-climate-change-on-cropsIBCMYCJC478/images/newTapTapMe/oops-dragon.png]
[proactivesky.com/07969-scientists-use-technology-to-resist-effects-of-climate-change-on-cropsIBCMYCJC478/images/newTapTapMe/bg1.jpg]
[proactivesky.com/07969-scientists-use-technology-to-resist-effects-of-climate-change-on-cropsIBCMYCJC478/images/newTapTapMe/clouds.png]
[proactivesky.com/07969-scientists-use-technology-to-resist-effects-of-climate-change-on-cropsIBCMYCJC478/images/newTapTapMe/bag-of-gold-glare.png]
[proactivesky.com/07969-scientists-use-technology-to-resist-effects-of-climate-change-on-cropsIBCMYCJC478/images/newTapTapMe/frame.png]
[proactivesky.com/07969-scientists-use-technology-to-resist-effects-of-climate-change-on-cropsIBCMYCJC478/images/newTapTapMe/eye-glares.png]
[proactivesky.com/07969-scientists-use-technology-to-resist-effects-of-climate-change-on-cropsIBCMYCJC478/images/newTapTapMe/lottery/rm10-bonus-bg.png]
[proactivesky.com/07969-scientists-use-technology-to-resist-effects-of-climate-change-on-cropsIBCMYCJC478/images/newTapTapMe/lottery/x288-free-spin.png]
[proactivesky.com/07969-scientists-use-technology-to-resist-effects-of-climate-change-on-cropsIBCMYCJC478/images/newTapTapMe/lottery/rm28-angpao-bg.png]
[proactivesky.com/07969-scientists-use-technology-to-resist-effects-of-climate-change-on-cropsIBCMYCJC478/images/newTapTapMe/lottery/try-again-bg.png]
[proactivesky.com/07969-scientists-use-technology-to-resist-effects-of-climate-change-on-cropsIBCMYCJC478/images/newTapTapMe/lottery/rm5-bonus-bg.png]
[proactivesky.com/07969-scientists-use-technology-to-resist-effects-of-climate-change-on-cropsIBCMYCJC478/images/newTapTapMe/count-down-bg.png]
[proactivesky.com/07969-scientists-use-technology-to-resist-effects-of-climate-change-on-cropsIBCMYCJC478/music/mb8-metap-bgm.mp3]
[proactivesky.com/07969-scientists-use-technology-to-resist-effects-of-climate-change-on-cropsIBCMYCJC478/music/selected-effect.mp3]
[proactivesky.com/07969-scientists-use-technology-to-resist-effects-of-climate-change-on-cropsIBCMYCJC478/js/jquery.min.js]
[proactivesky.com/07969-scientists-use-technology-to-resist-effects-of-climate-change-on-cropsIBCMYCJC478/js/bootstrap.min1bea.js]
[proactivesky.com/07969-scientists-use-technology-to-resist-effects-of-climate-change-on-cropsIBCMYCJC478/js/jquery-marqueed703.js]
[proactivesky.com/07969-scientists-use-technology-to-resist-effects-of-climate-change-on-cropsIBCMYCJC478/js/jquery.scrollTo.min.js]
[proactivesky.com/07969-scientists-use-technology-to-resist-effects-of-climate-change-on-cropsIBCMYCJC478/js/kinetic.js]
[proactivesky.com/07969-scientists-use-technology-to-resist-effects-of-climate-change-on-cropsIBCMYCJC478/js/enjoyhint32db.js]
[proactivesky.com/07969-scientists-use-technology-to-resist-effects-of-climate-change-on-cropsIBCMYCJC478/images/newTapTapMe/bag-of-gold.png]
[proactivesky.com/07969-scientists-use-technology-to-resist-effects-of-climate-change-on-cropsIBCMYCJC478/index686a.html]
[proactivesky.com/07969-scientists-use-technology-to-resist-effects-of-climate-change-on-cropsIBCMYCJC478/css/bootstrap.min9e7a9e7a.css]
[cdnjs.cloudflare.com/ajax/libs/font-awesome/6.5.2/css/all.min.css]
[proactivesky.com/07969-scientists-use-technology-to-resist-effects-of-climate-change-on-cropsIBCMYCJC478/fonts/Futura-Bold.otf]
[proactivesky.com/07969-scientists-use-technology-to-resist-effects-of-climate-change-on-cropsIBCMYCJC478/index.html]
[proactivesky.com/07969-scientists-use-technology-to-resist-effects-of-climate-change-on-cropsIBCMYCJC478/fonts/nuku1.ttf]
[proactivesky.com/07969-scientists-use-technology-to-resist-effects-of-climate-change-on-cropsIBCMYCJC478/images/newTapTapMe/Mouse.png]
[proactivesky.com/07969-scientists-use-technology-to-resist-effects-of-climate-change-on-cropsIBCMYCJC478/css/custom5905.css]
[celaysimplined.com/d/aaf9f6fb-f1d6-4e39-8bcf-27bf3e300126.html]
[celaysimplined.com/d/aaf9f6fb-f1d6-4e39-8bcf-27bf3e300126d349.html]
[proactivesky.com/07969-scientists-use-technology-to-resist-effects-of-climate-change-on-cropsIBCMYCJC478/images/taptapme/s1ec92ec92.html]
[proactivesky.com/07969-scientists-use-technology-to-resist-effects-of-climate-change-on-cropsIBCMYCJC478/index.html]
[proactivesky.com/07969-scientists-use-technology-to-resist-effects-of-climate-change-on-cropsIBCMYCJC478/images/taptapme/bg.html]
